
         /\      Grafana   /‾‾/  
    /\  /  \     |\  __   /  /   
   /  \/    \    | |/ /  /   ‾‾\ 
  /          \   |   (  |  (‾)  |
 / __________ \  |_|\_\  \_____/ 


     execution: local
        script: /home/ridwanmuh3/Development/project/kuliah/pi/k6/benchmark.js
        output: json (/home/ridwanmuh3/Development/project/kuliah/pi/k6/results/benchmark_raw.json)

     scenarios: (100.00%) 1 scenario, 1 max VUs, 1h0m30s max duration (incl. graceful stop):
              * benchmark: 101 iterations for each of 1 VUs (maxDuration: 1h0m0s, gracefulStop: 30s)

time="2026-03-16T11:52:23+07:00" level=info msg="=== SETUP: Generating signing keys ===" source=console
time="2026-03-16T11:52:23+07:00" level=info msg="=== SETUP COMPLETE ===" source=console
time="2026-03-16T11:52:23+07:00" level=info msg="--- Warmup iteration (excluded from metrics) ---" source=console

running (0h00m01.0s), 1/1 VUs, 6 complete and 0 interrupted iterations
benchmark   [   6% ] 1 VUs  0h00m01.0s/1h0m0s  006/101 iters, 101 per VU

running (0h00m02.0s), 1/1 VUs, 13 complete and 0 interrupted iterations
benchmark   [  13% ] 1 VUs  0h00m02.0s/1h0m0s  013/101 iters, 101 per VU

running (0h00m03.0s), 1/1 VUs, 20 complete and 0 interrupted iterations
benchmark   [  20% ] 1 VUs  0h00m03.0s/1h0m0s  020/101 iters, 101 per VU

running (0h00m04.0s), 1/1 VUs, 27 complete and 0 interrupted iterations
benchmark   [  27% ] 1 VUs  0h00m04.0s/1h0m0s  027/101 iters, 101 per VU

running (0h00m05.0s), 1/1 VUs, 35 complete and 0 interrupted iterations
benchmark   [  35% ] 1 VUs  0h00m05.0s/1h0m0s  035/101 iters, 101 per VU

running (0h00m06.0s), 1/1 VUs, 43 complete and 0 interrupted iterations
benchmark   [  43% ] 1 VUs  0h00m06.0s/1h0m0s  043/101 iters, 101 per VU

running (0h00m07.0s), 1/1 VUs, 50 complete and 0 interrupted iterations
benchmark   [  50% ] 1 VUs  0h00m07.0s/1h0m0s  050/101 iters, 101 per VU

running (0h00m08.0s), 1/1 VUs, 54 complete and 0 interrupted iterations
benchmark   [  53% ] 1 VUs  0h00m08.0s/1h0m0s  054/101 iters, 101 per VU

running (0h00m09.0s), 1/1 VUs, 60 complete and 0 interrupted iterations
benchmark   [  59% ] 1 VUs  0h00m09.0s/1h0m0s  060/101 iters, 101 per VU

running (0h00m10.0s), 1/1 VUs, 67 complete and 0 interrupted iterations
benchmark   [  66% ] 1 VUs  0h00m10.0s/1h0m0s  067/101 iters, 101 per VU

running (0h00m11.0s), 1/1 VUs, 74 complete and 0 interrupted iterations
benchmark   [  73% ] 1 VUs  0h00m11.0s/1h0m0s  074/101 iters, 101 per VU

running (0h00m12.0s), 1/1 VUs, 82 complete and 0 interrupted iterations
benchmark   [  81% ] 1 VUs  0h00m12.0s/1h0m0s  082/101 iters, 101 per VU

running (0h00m13.0s), 1/1 VUs, 90 complete and 0 interrupted iterations
benchmark   [  89% ] 1 VUs  0h00m13.0s/1h0m0s  090/101 iters, 101 per VU

running (0h00m14.0s), 1/1 VUs, 97 complete and 0 interrupted iterations
benchmark   [  96% ] 1 VUs  0h00m14.0s/1h0m0s  097/101 iters, 101 per VU
     █ setup

[32m       ✓ setup: ML-DSA keygen OK[0m
[32m       ✓ setup: Hybrid keygen OK[0m

     █ Metric 1 - Keypair Generation

[32m       ✓ ECDSA keygen OK[0m
[32m       ✓ ML-DSA keygen OK[0m
[32m       ✓ Hybrid keygen OK[0m

     █ Metric 2,4,5 - Signing Transactions

[32m       ✓ ECDSA sign OK[0m
[32m       ✓ ML-DSA sign OK[0m
[32m       ✓ Hybrid sign OK[0m

     █ Metric 2 - Verification

[32m       ✓ ECDSA verify response[0m
[32m       ✓ ML-DSA verify valid[0m
[32m       ✓ Hybrid verify valid[0m

     checks[2m..........................:[0m [36m100.00%[0m [36;2m✓ 908[0m       [36;2m✗ 0[0m  
     data_received[2m...................:[0m [36m4.1 MB[0m  [36;2m282 kB/s[0m
     data_sent[2m.......................:[0m [36m4.1 MB[0m  [36;2m283 kB/s[0m
     gas_price_ecdsa[2m.................:[0m avg=[36m1037135134.22[0m min=[36m1000000016[0m med=[36m1000000016[0m max=[36m2200970412[0m p(90)=[36m1025268649.2[0m p(95)=[36m1174279592.5[0m
     gas_price_hybrid[2m................:[0m avg=[36m1028631936.28[0m min=[36m1000000016[0m med=[36m1000000016[0m max=[36m1926302924[0m p(90)=[36m1019475946.4[0m p(95)=[36m1134350225.7[0m
     gas_price_mldsa[2m.................:[0m avg=[36m1032618347.76[0m min=[36m1000000016[0m med=[36m1000000016[0m max=[36m2055175398[0m p(90)=[36m1022189737.2[0m p(95)=[36m1153070700.9[0m
     gas_used_ecdsa[2m..................:[0m avg=[36m335215.72[0m     min=[36m324044[0m     med=[36m343968[0m     max=[36m343980[0m     p(90)=[36m343980[0m       p(95)=[36m343980[0m      
     gas_used_hybrid[2m.................:[0m avg=[36m388057.32[0m     min=[36m378191[0m     med=[36m378443[0m     max=[36m398427[0m     p(90)=[36m398273.4[0m     p(95)=[36m398319[0m      
     gas_used_mldsa[2m..................:[0m avg=[36m303765.12[0m     min=[36m303513[0m     med=[36m303765[0m     max=[36m304005[0m     p(90)=[36m303873[0m       p(95)=[36m303898.2[0m    
     group_duration[2m..................:[0m avg=[36m47.54ms[0m       min=[36m2.54ms[0m     med=[36m4.43ms[0m     max=[36m304.36ms[0m   p(90)=[36m134.61ms[0m     p(95)=[36m147.39ms[0m    
     http_req_blocked[2m................:[0m avg=[36m10.25µs[0m       min=[36m3.2µs[0m      med=[36m5.8µs[0m      max=[36m2ms[0m        p(90)=[36m9.79µs[0m       p(95)=[36m18.1µs[0m      
     http_req_connecting[2m.............:[0m avg=[36m1.82µs[0m        min=[36m0s[0m         med=[36m0s[0m         max=[36m1.35ms[0m     p(90)=[36m0s[0m           p(95)=[36m0s[0m          
     http_req_duration[2m...............:[0m avg=[36m15.37ms[0m       min=[36m522.59µs[0m   med=[36m1.04ms[0m     max=[36m124.83ms[0m   p(90)=[36m44.77ms[0m      p(95)=[36m50.24ms[0m     
       { expected_response:true }[2m....:[0m avg=[36m15.37ms[0m       min=[36m522.59µs[0m   med=[36m1.04ms[0m     max=[36m124.83ms[0m   p(90)=[36m44.77ms[0m      p(95)=[36m50.24ms[0m     
     http_req_failed[2m.................:[0m [36m0.00%[0m   [36;2m✓ 0[0m         [36;2m✗ 911[0m
     http_req_receiving[2m..............:[0m avg=[36m156.89µs[0m      min=[36m45µs[0m       med=[36m133.6µs[0m    max=[36m2.01ms[0m     p(90)=[36m232.7µs[0m      p(95)=[36m275.75µs[0m    
     http_req_sending[2m................:[0m avg=[36m119.03µs[0m      min=[36m12.1µs[0m     med=[36m78.39µs[0m    max=[36m2.15ms[0m     p(90)=[36m213.4µs[0m      p(95)=[36m246.9µs[0m     
     http_req_tls_handshaking[2m........:[0m avg=[36m0s[0m            min=[36m0s[0m         med=[36m0s[0m         max=[36m0s[0m         p(90)=[36m0s[0m           p(95)=[36m0s[0m          
     http_req_waiting[2m................:[0m avg=[36m15.09ms[0m       min=[36m372.2µs[0m    med=[36m776.9µs[0m    max=[36m124.44ms[0m   p(90)=[36m44.29ms[0m      p(95)=[36m49.9ms[0m      
     http_reqs[2m.......................:[0m [36m911[0m     [36;2m63.010531/s[0m
     iteration_duration[2m..............:[0m avg=[36m142.75ms[0m      min=[36m114.42ms[0m   med=[36m133.95ms[0m   max=[36m323.38ms[0m   p(90)=[36m164.09ms[0m     p(95)=[36m195.75ms[0m    
     iterations[2m......................:[0m [36m101[0m     [36;2m6.9858/s[0m
     keypair_gen_ecdsa_ms[2m............:[0m avg=[36m801.68µs[0m      min=[36m522.59µs[0m   med=[36m679.35µs[0m   max=[36m6.66ms[0m     p(90)=[36m941.26µs[0m     p(95)=[36m1.13ms[0m      
     keypair_gen_hybrid_ms[2m...........:[0m avg=[36m1.11ms[0m        min=[36m657.1µs[0m    med=[36m941.45µs[0m   max=[36m4.47ms[0m     p(90)=[36m1.59ms[0m       p(95)=[36m1.83ms[0m      
     keypair_gen_mldsa_ms[2m............:[0m avg=[36m1.13ms[0m        min=[36m661.1µs[0m    med=[36m863.95µs[0m   max=[36m10.33ms[0m    p(90)=[36m1.12ms[0m       p(95)=[36m1.53ms[0m      
     sign_exec_ecdsa_ms[2m..............:[0m avg=[36m43.01ms[0m       min=[36m32.26ms[0m    med=[36m39.77ms[0m    max=[36m104.29ms[0m   p(90)=[36m57.02ms[0m      p(95)=[36m59.49ms[0m     
     sign_exec_hybrid_ms[2m.............:[0m avg=[36m45.79ms[0m       min=[36m34.84ms[0m    med=[36m42.55ms[0m    max=[36m124.83ms[0m   p(90)=[36m54.27ms[0m      p(95)=[36m65.48ms[0m     
     sign_exec_mldsa_ms[2m..............:[0m avg=[36m42.98ms[0m       min=[36m33.7ms[0m     med=[36m40.57ms[0m    max=[36m84.88ms[0m    p(90)=[36m51.55ms[0m      p(95)=[36m58.74ms[0m     
     signature_length_ecdsa_bytes[2m....:[0m avg=[36m65[0m            min=[36m65[0m         med=[36m65[0m         max=[36m65[0m         p(90)=[36m65[0m           p(95)=[36m65[0m          
     signature_length_hybrid_bytes[2m...:[0m avg=[36m3374[0m          min=[36m3374[0m       med=[36m3374[0m       max=[36m3374[0m       p(90)=[36m3374[0m         p(95)=[36m3374[0m        
     signature_length_mldsa_bytes[2m....:[0m avg=[36m3309[0m          min=[36m3309[0m       med=[36m3309[0m       max=[36m3309[0m       p(90)=[36m3309[0m         p(95)=[36m3309[0m        
     successful_operations[2m...........:[0m [36m900[0m     [36;2m62.249701/s[0m
     tx_payload_size_ecdsa_bytes[2m.....:[0m avg=[36m366.94[0m        min=[36m366[0m        med=[36m367[0m        max=[36m368[0m        p(90)=[36m367[0m          p(95)=[36m367[0m         
     tx_payload_size_hybrid_bytes[2m....:[0m avg=[36m7007.94[0m       min=[36m7007[0m       med=[36m7008[0m       max=[36m7009[0m       p(90)=[36m7008[0m         p(95)=[36m7008[0m        
     tx_payload_size_mldsa_bytes[2m.....:[0m avg=[36m6860.94[0m       min=[36m6860[0m       med=[36m6861[0m       max=[36m6862[0m       p(90)=[36m6861[0m         p(95)=[36m6861[0m        
     verify_exec_ecdsa_ms[2m............:[0m avg=[36m791.56µs[0m      min=[36m586.5µs[0m    med=[36m743.1µs[0m    max=[36m2.11ms[0m     p(90)=[36m976.05µs[0m     p(95)=[36m1.12ms[0m      
     verify_exec_hybrid_ms[2m...........:[0m avg=[36m1.29ms[0m        min=[36m810.7µs[0m    med=[36m1.02ms[0m     max=[36m14.51ms[0m    p(90)=[36m1.4ms[0m        p(95)=[36m1.76ms[0m      
     verify_exec_mldsa_ms[2m............:[0m avg=[36m1.08ms[0m        min=[36m745.1µs[0m    med=[36m912.2µs[0m    max=[36m3.76ms[0m     p(90)=[36m1.54ms[0m       p(95)=[36m1.75ms[0m      
     vus[2m.............................:[0m [36m1[0m       [36;2mmin=1[0m       [36;2mmax=1[0m
     vus_max[2m.........................:[0m [36m1[0m       [36;2mmin=1[0m       [36;2mmax=1[0m
running (0h00m14.5s), 0/1 VUs, 101 complete and 0 interrupted iterations
benchmark ✓ [ 100% ] 1 VUs  0h00m14.4s/1h0m0s  101/101 iters, 101 per VU
